[OUTPUT] 
Internal ctest changing into directory: /home/phil/job/new/projects/autoruntime/build-dds-release

[HANDLER_OUTPUT] 
Test project /home/phil/job/new/projects/autoruntime/build-dds-release

      Start  8: autoruntime.fault.transport_closed
 1/15 Test  #8: autoruntime.fault.transport_closed ..........   Passed    0.00 sec
      Start  9: autoruntime.fault.queue_overflow
 2/15 Test  #9: autoruntime.fault.queue_overflow ............   Passed    0.00 sec
      Start 10: autoruntime.fault.slow_callback_isolation
 3/15 Test #10: autoruntime.fault.slow_callback_isolation ...   Passed    0.30 sec
      Start 11: autoruntime.fault.deadline_miss
 4/15 Test #11: autoruntime.fault.deadline_miss .............   Passed    0.01 sec
      Start 12: autoruntime.fault.cancelled_task
 5/15 Test #12: autoruntime.fault.cancelled_task ............   Passed    0.00 sec
      Start 13: autoruntime.fault.heartbeat_loss
 6/15 Test #13: autoruntime.fault.heartbeat_loss ............   Passed    0.00 sec
      Start 14: autoruntime.fault.no_progress
 7/15 Test #14: autoruntime.fault.no_progress ...............   Passed    0.00 sec
      Start 15: autoruntime.fault.backlog_degraded
 8/15 Test #15: autoruntime.fault.backlog_degraded ..........   Passed    0.00 sec
      Start 16: autoruntime.fault.process_exit
 9/15 Test #16: autoruntime.fault.process_exit ..............   Passed    0.00 sec
      Start 17: autoruntime.fault.stale_generation
10/15 Test #17: autoruntime.fault.stale_generation ..........   Passed    0.00 sec
      Start 18: autoruntime.fault.rpc_disconnect
11/15 Test #18: autoruntime.fault.rpc_disconnect ............   Passed    0.00 sec
      Start 19: autoruntime.fault.rpc_corrupt_frame
12/15 Test #19: autoruntime.fault.rpc_corrupt_frame .........   Passed    0.02 sec
      Start 20: autoruntime.fault.duplicate_membership
13/15 Test #20: autoruntime.fault.duplicate_membership ......   Passed    0.03 sec
      Start 21: autoruntime.fault.service_timeout
14/15 Test #21: autoruntime.fault.service_timeout ...........   Passed    0.12 sec
      Start 22: autoruntime.fault.dds_participant_loss
15/15 Test #22: autoruntime.fault.dds_participant_loss ......   Passed    0.00 sec

100% tests passed, 0 tests failed out of 15

Label Time Summary:
fault    =   0.51 sec*proc (15 tests)

Total Test time (real) =   0.51 sec
